// Jest Snapshot v1, https://goo.gl/fbAQLP

exports[`Modal matches snapshot 1`] = `
<DocumentFragment>
  <div
    aria-label="modal-backdrop"
    class="sc-bdnylx fokQeC"
  >
    <div
      class="sc-gtssRu ijuGal"
    >
      <div
        class="sc-dlnjPT bFzKpP"
      >
        Request an Invite
      </div>
      <form
        novalidate=""
      >
        <input
          aria-label="name"
          class="sc-jSFkmK dwxdDd"
          name="name"
          placeholder="Full Name"
          type="text"
        />
        <input
          aria-label="email"
          class="sc-jSFkmK dwxdDd"
          name="email"
          placeholder="Email"
          type="email"
        />
        <input
          aria-label="email confirm"
          class="sc-jSFkmK dwxdDd"
          name="emailConfirm"
          placeholder="Confirm Email"
          type="email"
        />
        <input
          class="sc-jSFkmK sc-gKAblj dwxdDd fSofjz"
          type="submit"
          value="Send"
        />
      </form>
    </div>
  </div>
</DocumentFragment>
`;
